[www.lab.westilian.com/bingo-admin/file-manager.html]
[backblue.gif]
[fade.gif]
[index.html]
[www.lab.westilian.com/bingo-admin/css/reset.css]
[www.lab.westilian.com/bingo-admin/css/layout.css]
[www.lab.westilian.com/bingo-admin/css/themes.css]
[www.lab.westilian.com/bingo-admin/css/typography.css]
[www.lab.westilian.com/bingo-admin/css/styles.css]
[www.lab.westilian.com/bingo-admin/css/shCore.css]
[www.lab.westilian.com/bingo-admin/css/bootstrap.css]
[www.lab.westilian.com/bingo-admin/css/jquery.jqplot.css]
[www.lab.westilian.com/bingo-admin/css/jquery-ui-1.8.18.custom.css]
[www.lab.westilian.com/bingo-admin/css/data-table.css]
[www.lab.westilian.com/bingo-admin/css/form.css]
[www.lab.westilian.com/bingo-admin/css/ui-elements.css]
[www.lab.westilian.com/bingo-admin/css/wizard.css]
[www.lab.westilian.com/bingo-admin/css/sprite.css]
[www.lab.westilian.com/bingo-admin/css/gradient.css]
[www.lab.westilian.com/bingo-admin/js/jquery.ui.touch-punch.js]
[www.lab.westilian.com/bingo-admin/js/jquery-1.7.1.min.js]
[www.lab.westilian.com/bingo-admin/js/chosen.jquery.js]
[www.lab.westilian.com/bingo-admin/js/uniform.jquery.js]
[www.lab.westilian.com/bingo-admin/js/bootstrap-dropdown.js]
[www.lab.westilian.com/bingo-admin/js/jquery-ui-1.8.18.custom.min.js]
[www.lab.westilian.com/bingo-admin/js/bootstrap-colorpicker.js]
[www.lab.westilian.com/bingo-admin/js/sticky.full.js]
[www.lab.westilian.com/bingo-admin/js/jquery.noty.js]
[www.lab.westilian.com/bingo-admin/js/selectToUISlider.jQuery.js]
[www.lab.westilian.com/bingo-admin/js/fg.menu.js]
[www.lab.westilian.com/bingo-admin/js/jquery.tagsinput.js]
[www.lab.westilian.com/bingo-admin/js/jquery.cleditor.js]
[www.lab.westilian.com/bingo-admin/js/jquery.tipsy.js]
[www.lab.westilian.com/bingo-admin/js/jquery.peity.js]
[www.lab.westilian.com/bingo-admin/js/jquery.simplemodal.js]
[www.lab.westilian.com/bingo-admin/js/jquery.jBreadCrumb.1.1.js]
[www.lab.westilian.com/bingo-admin/js/jquery.colorbox-min.js]
[www.lab.westilian.com/bingo-admin/js/jquery.idTabs.min.js]
[www.lab.westilian.com/bingo-admin/js/jquery.multiFieldExtender.min.js]
[www.lab.westilian.com/bingo-admin/js/jquery.confirm.js]
[www.lab.westilian.com/bingo-admin/js/elfinder.min.js]
[www.lab.westilian.com/bingo-admin/js/accordion.jquery.js]
[www.lab.westilian.com/bingo-admin/js/autogrow.jquery.js]
[www.lab.westilian.com/bingo-admin/js/check-all.jquery.js]
[www.lab.westilian.com/bingo-admin/js/data-table.jquery.js]
[www.lab.westilian.com/bingo-admin/js/ZeroClipboard.js]
[www.lab.westilian.com/bingo-admin/js/TableTools.min.js]
[www.lab.westilian.com/bingo-admin/js/jeditable.jquery.js]
[www.lab.westilian.com/bingo-admin/js/duallist.jquery.js]
[www.lab.westilian.com/bingo-admin/js/easing.jquery.js]
[www.lab.westilian.com/bingo-admin/js/full-calendar.jquery.js]
[www.lab.westilian.com/bingo-admin/js/input-limiter.jquery.js]
[www.lab.westilian.com/bingo-admin/js/inputmask.jquery.js]
[www.lab.westilian.com/bingo-admin/js/iphone-style-checkbox.jquery.js]
[www.lab.westilian.com/bingo-admin/js/meta-data.jquery.js]
[www.lab.westilian.com/bingo-admin/js/quicksand.jquery.js]
[www.lab.westilian.com/bingo-admin/js/raty.jquery.js]
[www.lab.westilian.com/bingo-admin/js/smart-wizard.jquery.js]
[www.lab.westilian.com/bingo-admin/js/stepy.jquery.js]
[www.lab.westilian.com/bingo-admin/js/treeview.jquery.js]
[www.lab.westilian.com/bingo-admin/js/ui-accordion.jquery.js]
[www.lab.westilian.com/bingo-admin/js/vaidation.jquery.js]
[www.lab.westilian.com/bingo-admin/js/mosaic.1.0.1.min.js]
[www.lab.westilian.com/bingo-admin/js/jquery.collapse.js]
[www.lab.westilian.com/bingo-admin/js/jquery.cookie.js]
[www.lab.westilian.com/bingo-admin/js/jquery.autocomplete.min.js]
[www.lab.westilian.com/bingo-admin/js/localdata.js]
[www.lab.westilian.com/bingo-admin/js/excanvas.min.js]
[www.lab.westilian.com/bingo-admin/js/chart-plugins/jqplot.dateAxisRenderer.min.js]
[www.lab.westilian.com/bingo-admin/js/jquery.jqplot.min.js]
[www.lab.westilian.com/bingo-admin/js/chart-plugins/jqplot.cursor.min.js]
[www.lab.westilian.com/bingo-admin/js/chart-plugins/jqplot.logAxisRenderer.min.js]
[www.lab.westilian.com/bingo-admin/js/chart-plugins/jqplot.canvasTextRenderer.min.js]
[www.lab.westilian.com/bingo-admin/js/chart-plugins/jqplot.canvasAxisTickRenderer.min.js]
[www.lab.westilian.com/bingo-admin/js/chart-plugins/jqplot.highlighter.min.js]
[www.lab.westilian.com/bingo-admin/js/chart-plugins/jqplot.pieRenderer.min.js]
[www.lab.westilian.com/bingo-admin/js/chart-plugins/jqplot.barRenderer.min.js]
[www.lab.westilian.com/bingo-admin/js/chart-plugins/jqplot.categoryAxisRenderer.min.js]
[www.lab.westilian.com/bingo-admin/js/chart-plugins/jqplot.pointLabels.min.js]
[www.lab.westilian.com/bingo-admin/js/chart-plugins/jqplot.meterGaugeRenderer.min.js]
[www.lab.westilian.com/bingo-admin/js/custom-scripts.js]
[www.lab.westilian.com/bingo-admin/dashboard.html]
[www.lab.westilian.com/bingo-admin/dashboard-01.html]
[www.lab.westilian.com/bingo-admin/dashboard-02.html]
[www.lab.westilian.com/bingo-admin/dashboard-03.html]
[www.lab.westilian.com/bingo-admin/dashboard-04.html]
[www.lab.westilian.com/bingo-admin/form-elements.html]
[www.lab.westilian.com/bingo-admin/left-label-form.html]
[www.lab.westilian.com/bingo-admin/top-label-form.html]
[www.lab.westilian.com/bingo-admin/form-xtras.html]
[www.lab.westilian.com/bingo-admin/form-validation.html]
[www.lab.westilian.com/bingo-admin/signup-form.html]
[www.lab.westilian.com/bingo-admin/content-post.html]
[www.lab.westilian.com/bingo-admin/wizard.html]
[www.lab.westilian.com/bingo-admin/table.html]
[www.lab.westilian.com/bingo-admin/ui-elements.html]
[www.lab.westilian.com/bingo-admin/widgets.html]
[www.lab.westilian.com/bingo-admin/post-preview.html]
[www.lab.westilian.com/bingo-admin/buttons-icons.html]
[www.lab.westilian.com/bingo-admin/login-01.html]
[www.lab.westilian.com/bingo-admin/login-02.html]
[www.lab.westilian.com/bingo-admin/login-03.html]
[www.lab.westilian.com/bingo-admin/forgot-pass.html]
[www.lab.westilian.com/bingo-admin/gradient.html]
[www.lab.westilian.com/bingo-admin/typography.html]
[www.lab.westilian.com/bingo-admin/content-grid.html]
[www.lab.westilian.com/bingo-admin/form-grid.html]
[www.lab.westilian.com/bingo-admin/chart.html]
[www.lab.westilian.com/bingo-admin/gallery.html]
[www.lab.westilian.com/bingo-admin/calendar.html]
[www.lab.westilian.com/bingo-admin/403.html]
[www.lab.westilian.com/bingo-admin/404.html]
[www.lab.westilian.com/bingo-admin/405.html]
[www.lab.westilian.com/bingo-admin/500.html]
[www.lab.westilian.com/bingo-admin/503.html]
[www.lab.westilian.com/bingo-admin/invoice.html]
[www.lab.westilian.com/bingo-admin/email-templates/forgot-pass-email-template.html]
[www.lab.westilian.com/bingo-admin/email-templates/registration-confirmation-email-template.html]
[www.lab.westilian.com/bingo-admin/images/logo.png]
[www.lab.westilian.com/bingo-admin/505.html]
[www.lab.westilian.com/bingo-admin/images/photo_60x60.jpg]
[www.lab.westilian.com/bingo-admin/images/user_thumb.png]
[www.lab.westilian.com/bingo-admin/file-manager.html]
[www.lab.westilian.com/bingo-admin/css/reset.css]
[www.lab.westilian.com/bingo-admin/css/layout.css]
[www.lab.westilian.com/bingo-admin/images/layout-sprite.png]
[www.lab.westilian.com/bingo-admin/images/dot.png]
[www.lab.westilian.com/bingo-admin/images/indicator.png]
[www.lab.westilian.com/bingo-admin/images/sprite-icons/layout-icons.png]
[www.lab.westilian.com/bingo-admin/images/sprite-icons/icon-black.png]
[www.lab.westilian.com/bingo-admin/css/themes.css]
[www.lab.westilian.com/bingo-admin/images/list-icons/tick.png]
[www.lab.westilian.com/bingo-admin/images/list-icons/alarm.png]
[www.lab.westilian.com/bingo-admin/images/list-icons/award.png]
[www.lab.westilian.com/bingo-admin/images/list-icons/ask.png]
[www.lab.westilian.com/bingo-admin/images/list-icons/clip.png]
[www.lab.westilian.com/bingo-admin/images/list-icons/err.png]
[www.lab.westilian.com/bingo-admin/images/list-icons/flag.png]
[www.lab.westilian.com/bingo-admin/images/list-icons/folder.png]
[www.lab.westilian.com/bingo-admin/images/list-icons/globe.png]
[www.lab.westilian.com/bingo-admin/images/list-icons/heart.png]
[www.lab.westilian.com/bingo-admin/images/list-icons/info.png]
[www.lab.westilian.com/bingo-admin/images/list-icons/medal-gold.png]
[www.lab.westilian.com/bingo-admin/images/list-icons/pin.png]
[www.lab.westilian.com/bingo-admin/images/list-icons/plus.png]
[www.lab.westilian.com/bingo-admin/images/list-icons/trophy.png]
[www.lab.westilian.com/bingo-admin/css/typography.css]
[www.lab.westilian.com/bingo-admin/images/sprite-icons/icons-a.png]
[www.lab.westilian.com/bingo-admin/images/sprite-icons/icons-color.png]
[www.lab.westilian.com/bingo-admin/images/sprite-icons/icon_sl.png]
[www.lab.westilian.com/bingo-admin/images/button-sprite.png]
[www.lab.westilian.com/bingo-admin/images/checked.png]
[www.lab.westilian.com/bingo-admin/css/jquery.selectBox-arrow.gif]
[www.lab.westilian.com/bingo-admin/images/sprite-icons/black_24.png]
[www.lab.westilian.com/bingo-admin/images/saturation.png]
[www.lab.westilian.com/bingo-admin/images/hue.png]
[www.lab.westilian.com/bingo-admin/images/alpha.png]
[www.lab.westilian.com/bingo-admin/images/confirm/ie.png]
[www.lab.westilian.com/bingo-admin/images/progress.gif]
[www.lab.westilian.com/bingo-admin/images/hover-magnify.png]
[www.lab.westilian.com/bingo-admin/images/bg-black.png]
[www.lab.westilian.com/bingo-admin/images/indicator.gif]
[www.lab.westilian.com/bingo-admin/images/open.png]
[www.lab.westilian.com/bingo-admin/images/closed.png]
[www.lab.westilian.com/bingo-admin/images/sprite-icons/action-sprite.png]
[www.lab.westilian.com/bingo-admin/images/el-finder/toolbar.png]
[www.lab.westilian.com/bingo-admin/images/el-finder/spinner.gif]
[www.lab.westilian.com/bingo-admin/images/el-finder/icons-big.png]
[www.lab.westilian.com/bingo-admin/images/el-finder/icons-small.png]
[www.lab.westilian.com/bingo-admin/images/el-finder/ql.png]
[www.lab.westilian.com/bingo-admin/images/home-link.png]
[www.lab.westilian.com/bingo-admin/images/chevron.png]
[www.lab.westilian.com/bingo-admin/images/IconHome.gif]
[www.lab.westilian.com/bingo-admin/images/chevron-overlay.png]
[www.lab.westilian.com/bingo-admin/css/styles.css]
[www.lab.westilian.com/bingo-admin/css/shCore.css]
[www.lab.westilian.com/bingo-admin/css/bootstrap.css]
[www.lab.westilian.com/bingo-admin/css/jquery.jqplot.css]
[www.lab.westilian.com/bingo-admin/images/ui-img/ui-bg_flat_75_ffffff_40x100.png]
[www.lab.westilian.com/bingo-admin/images/ui-img/ui-bg_glass_95_fef1ec_1x400.png]
[www.lab.westilian.com/bingo-admin/images/ui-img/ui-icons_222222_256x240.png]
[www.lab.westilian.com/bingo-admin/images/ui-img/ui-icons_888888_256x240.png]
[www.lab.westilian.com/bingo-admin/images/ui-img/ui-icons_454545_256x240.png]
[www.lab.westilian.com/bingo-admin/images/ui-img/ui-icons_2e83ff_256x240.png]
[www.lab.westilian.com/bingo-admin/images/ui-img/ui-icons_cd0a0a_256x240.png]
[www.lab.westilian.com/bingo-admin/images/ui-img/ui-bg_flat_0_aaaaaa_40x100.png]
[www.lab.westilian.com/bingo-admin/css/jquery-ui-1.8.18.custom.css]
[www.lab.westilian.com/bingo-admin/images/tbl-img/back_disabled.png]
[www.lab.westilian.com/bingo-admin/images/tbl-img/back_enabled.png]
[www.lab.westilian.com/bingo-admin/images/tbl-img/back_enabled_hover.png]
[www.lab.westilian.com/bingo-admin/images/tbl-img/forward_disabled.png]
[www.lab.westilian.com/bingo-admin/images/tbl-img/forward_enabled.png]
[www.lab.westilian.com/bingo-admin/images/tbl-img/forward_enabled_hover.png]
[www.lab.westilian.com/bingo-admin/images/tbl-img/sort_asc.png]
[www.lab.westilian.com/bingo-admin/images/tbl-img/sort_desc.png]
[www.lab.westilian.com/bingo-admin/images/tbl-img/sort_both.png]
[www.lab.westilian.com/bingo-admin/images/tbl-img/sort_asc_disabled.png]
[www.lab.westilian.com/bingo-admin/images/tbl-img/sort_desc_disabled.png]
[www.lab.westilian.com/bingo-admin/images/table-tools/csv.png]
[www.lab.westilian.com/bingo-admin/images/table-tools/csv_hover.png]
[www.lab.westilian.com/bingo-admin/images/table-tools/xls.png]
[www.lab.westilian.com/bingo-admin/images/table-tools/xls_hover.png]
[www.lab.westilian.com/bingo-admin/images/table-tools/copy.png]
[www.lab.westilian.com/bingo-admin/images/table-tools/copy_hover.png]
[www.lab.westilian.com/bingo-admin/images/table-tools/pdf.png]
[www.lab.westilian.com/bingo-admin/images/table-tools/pdf_hover.png]
[www.lab.westilian.com/bingo-admin/images/table-tools/print.png]
[www.lab.westilian.com/bingo-admin/images/table-tools/print_hover.png]
[www.lab.westilian.com/bingo-admin/images/table-tools/collection.png]
[www.lab.westilian.com/bingo-admin/images/table-tools/collection_hover.png]
[www.lab.westilian.com/bingo-admin/images/table-tools/background.png]
[www.lab.westilian.com/bingo-admin/css/data-table.css]
[www.lab.westilian.com/bingo-admin/images/sprite.png]
[www.lab.westilian.com/bingo-admin/images/chosen-sprite.png]
[www.lab.westilian.com/bingo-admin/images/toolbar.gif]
[www.lab.westilian.com/bingo-admin/images/buttons.gif]
[www.lab.westilian.com/bingo-admin/css/form.css]
[www.lab.westilian.com/bingo-admin/images/js-tree/treeview-default.gif]
[www.lab.westilian.com/bingo-admin/images/js-tree/treeview-default-line.gif]
[www.lab.westilian.com/bingo-admin/images/js-tree/treeview-red-line.gif]
[www.lab.westilian.com/bingo-admin/images/js-tree/treeview-red.gif]
[www.lab.westilian.com/bingo-admin/images/js-tree/treeview-black-line.gif]
[www.lab.westilian.com/bingo-admin/images/js-tree/treeview-black.gif]
[www.lab.westilian.com/bingo-admin/images/js-tree/treeview-gray-line.gif]
[www.lab.westilian.com/bingo-admin/images/js-tree/treeview-gray.gif]
[www.lab.westilian.com/bingo-admin/images/js-tree/treeview-famfamfam-line.gif]
[www.lab.westilian.com/bingo-admin/images/js-tree/treeview-famfamfam.gif]
[www.lab.westilian.com/bingo-admin/images/js-tree/ajax-loader.gif]
[www.lab.westilian.com/bingo-admin/images/js-tree/folder.gif]
[www.lab.westilian.com/bingo-admin/images/js-tree/folder-closed.gif]
[www.lab.westilian.com/bingo-admin/images/js-tree/file.gif]
[www.lab.westilian.com/bingo-admin/images/on.png]
[www.lab.westilian.com/bingo-admin/images/off.png]
[www.lab.westilian.com/bingo-admin/images/slider_left.png]
[www.lab.westilian.com/bingo-admin/images/slider_right.png]
[www.lab.westilian.com/bingo-admin/images/slider_center.png]
[www.lab.westilian.com/bingo-admin/images/switch.gif]
[www.lab.westilian.com/bingo-admin/images/colorbox-img/overlay.png]
[www.lab.westilian.com/bingo-admin/images/colorbox-img/controls.png]
[www.lab.westilian.com/bingo-admin/images/colorbox-img/border.png]
[www.lab.westilian.com/bingo-admin/images/colorbox-img/loading_background.png]
[www.lab.westilian.com/bingo-admin/images/colorbox-img/loading.gif]
[www.lab.westilian.com/bingo-admin/images/colorbox-img/ie6/borderTopLeft.png]
[www.lab.westilian.com/bingo-admin/images/colorbox-img/ie6/borderTopCenter.png]
[www.lab.westilian.com/bingo-admin/images/colorbox-img/ie6/borderTopRight.png]
[www.lab.westilian.com/bingo-admin/images/colorbox-img/ie6/borderBottomLeft.png]
[www.lab.westilian.com/bingo-admin/images/colorbox-img/ie6/borderBottomCenter.png]
[www.lab.westilian.com/bingo-admin/images/colorbox-img/ie6/borderBottomRight.png]
[www.lab.westilian.com/bingo-admin/images/colorbox-img/ie6/borderMiddleLeft.png]
[www.lab.westilian.com/bingo-admin/images/colorbox-img/ie6/borderMiddleRight.png]
[www.lab.westilian.com/bingo-admin/images/x.png]
[www.lab.westilian.com/bingo-admin/css/ui-elements.css]
[www.lab.westilian.com/bingo-admin/images/loader.ec.delayed]
[www.lab.westilian.com/bingo-admin/images/error.png]
[www.lab.westilian.com/bingo-admin/images/alert.png]
[www.lab.westilian.com/bingo-admin/css/wizard.css]
[www.lab.westilian.com/bingo-admin/css/sprite.css]
[www.lab.westilian.com/bingo-admin/css/gradient.css]
[www.lab.westilian.com/bingo-admin/images/user-thumb1.png]
[www.lab.westilian.com/bingo-admin/dashboard.html]
[www.lab.westilian.com/bingo-admin/dashboard-01.html]
[www.lab.westilian.com/bingo-admin/dashboard-02.html]
[www.lab.westilian.com/bingo-admin/dashboard-03.html]
[www.lab.westilian.com/bingo-admin/dashboard-04.html]
[www.lab.westilian.com/bingo-admin/form-elements.html]
[www.lab.westilian.com/bingo-admin/left-label-form.html]
[www.lab.westilian.com/bingo-admin/top-label-form.html]
[www.lab.westilian.com/bingo-admin/form-xtras.html]
[www.lab.westilian.com/bingo-admin/form-validation.html]
[www.lab.westilian.com/bingo-admin/signup-form.html]
[www.lab.westilian.com/bingo-admin/js/code-highlighter/shCore.js]
[www.lab.westilian.com/bingo-admin/js/code-highlighter/brush/shBrushJScript.js]
[www.lab.westilian.com/bingo-admin/js/code-highlighter/brush/shBrushXml.js]
[www.lab.westilian.com/bingo-admin/js/code-highlighter/brush/shBrushPhp.js]
[www.lab.westilian.com/bingo-admin/js/code-highlighter/brush/shBrushCss.js]
[www.lab.westilian.com/bingo-admin/images/fullview01.jpg]
[www.lab.westilian.com/bingo-admin/images/gthumb.jpg]
[www.lab.westilian.com/bingo-admin/content-post.html]
[www.lab.westilian.com/bingo-admin/wizard.html]
[www.lab.westilian.com/bingo-admin/js/ColVis.min.js]
[www.lab.westilian.com/bingo-admin/table.html]
[www.lab.westilian.com/bingo-admin/ui-elementsd41d.html]
[www.lab.westilian.com/bingo-admin/data/ohoopee1.jpg]
[www.lab.westilian.com/bingo-admin/data/ajax.html]
[www.lab.westilian.com/bingo-admin/data/flash.html]
[www.lab.westilian.com/bingo-admin/data/ajax-stepy.html]
[www.lab.westilian.com/bingo-admin/images/ajax-loader/ajax-loader.gif]
[www.lab.westilian.com/bingo-admin/images/ajax-loader/ajax-loader(1).gif]
[www.lab.westilian.com/bingo-admin/images/ajax-loader/ajax-loader(2).gif]
[www.lab.westilian.com/bingo-admin/images/ajax-loader/ajax-loader(3).gif]
[www.lab.westilian.com/bingo-admin/images/ajax-loader/ajax-loader(13).gif]
[www.lab.westilian.com/bingo-admin/images/ajax-loader/ajax-loader(16).gif]
[www.lab.westilian.com/bingo-admin/images/ajax-loader/ajax-loader(5).gif]
[www.lab.westilian.com/bingo-admin/images/ajax-loader/ajax-loader(7).gif]
[www.lab.westilian.com/bingo-admin/images/ajax-loader/ajax-loader(8).gif]
[www.lab.westilian.com/bingo-admin/images/ajax-loader/ajax-loader(9).gif]
[www.lab.westilian.com/bingo-admin/images/ajax-loader/ajax-loader(10).gif]
[www.lab.westilian.com/bingo-admin/images/ajax-loader/ajax-loader(11).gif]
[www.lab.westilian.com/bingo-admin/images/ajax-loader/ajax-loader(4).gif]
[www.lab.westilian.com/bingo-admin/images/ajax-loader/ajax-loader(12).gif]
[www.lab.westilian.com/bingo-admin/images/ajax-loader/ajax-loader(15).gif]
[www.lab.westilian.com/bingo-admin/images/ajax-loader/ajax-loader(6).gif]
[www.lab.westilian.com/bingo-admin/ui-elements.html]
[www.lab.westilian.com/bingo-admin/buttons-icons.html]
[www.lab.westilian.com/bingo-admin/widgets.html]
[www.lab.westilian.com/bingo-admin/post-preview.html]
[www.lab.westilian.com/bingo-admin/images/logo-bingo.png]
[www.lab.westilian.com/bingo-admin/login-01.html]
[www.lab.westilian.com/bingo-admin/login-02.html]
[www.lab.westilian.com/bingo-admin/login-03.html]
[www.lab.westilian.com/bingo-admin/forgot-pass.html]
[www.lab.westilian.com/bingo-admin/gradient.html]
[www.lab.westilian.com/bingo-admin/typography.html]
[www.lab.westilian.com/bingo-admin/content-grid.html]
[www.lab.westilian.com/bingo-admin/form-grid.html]
[www.lab.westilian.com/bingo-admin/chart.html]
[www.lab.westilian.com/bingo-admin/images/gallery-img/01.png]
[www.lab.westilian.com/bingo-admin/images/gallery-img/02.png]
[www.lab.westilian.com/bingo-admin/images/gallery-img/03.png]
[www.lab.westilian.com/bingo-admin/images/gallery-img/hannah_yg.jpg]
[www.lab.westilian.com/bingo-admin/images/gallery-img/hannah_yg_thumb.jpg]
[www.lab.westilian.com/bingo-admin/images/gallery-img/bianca_yg.jpg]
[www.lab.westilian.com/bingo-admin/images/gallery-img/bianca_yg_thumb.jpg]
[www.lab.westilian.com/bingo-admin/images/gallery-img/gisela_yg.jpg]
[www.lab.westilian.com/bingo-admin/images/gallery-img/gisela_yg_thumb.jpg]
[www.lab.westilian.com/bingo-admin/images/gallery-img/heather_yg.jpg]
[www.lab.westilian.com/bingo-admin/images/gallery-img/heather_yg_thumb.jpg]
[www.lab.westilian.com/bingo-admin/images/gallery-img/heather_yg_2.jpg]
[www.lab.westilian.com/bingo-admin/images/gallery-img/heather_yg_2_thumb.jpg]
[www.lab.westilian.com/bingo-admin/images/gallery-img/grace_yg_2.jpg]
[www.lab.westilian.com/bingo-admin/images/gallery-img/grace_yg_2_thumb.jpg]
[www.lab.westilian.com/bingo-admin/images/gallery-img/mikaela_yg.jpg]
[www.lab.westilian.com/bingo-admin/images/gallery-img/mikaela_yg_thumb.jpg]
[www.lab.westilian.com/bingo-admin/images/gallery-img/britt_yg.jpg]
[www.lab.westilian.com/bingo-admin/images/gallery-img/britt_yg_thumb.jpg]
[www.lab.westilian.com/bingo-admin/images/gallery-img/britt_yg_2.jpg]
[www.lab.westilian.com/bingo-admin/images/gallery-img/britt_yg_2_thumb.jpg]
[www.lab.westilian.com/bingo-admin/images/gallery-img/amanda_yg.jpg]
[www.lab.westilian.com/bingo-admin/images/gallery-img/amanda_yg_thumb.jpg]
[www.lab.westilian.com/bingo-admin/images/gallery-img/britt_yg_3.jpg]
[www.lab.westilian.com/bingo-admin/images/gallery-img/britt_yg_3_thumb.jpg]
[www.lab.westilian.com/bingo-admin/images/gallery-img/mikaela_yg_2.jpg]
[www.lab.westilian.com/bingo-admin/images/gallery-img/mikaela_yg_2_thumb.jpg]
[www.lab.westilian.com/bingo-admin/gallery.html]
[www.lab.westilian.com/bingo-admin/calendar.html]
[www.lab.westilian.com/bingo-admin/403.html]
[www.lab.westilian.com/bingo-admin/404.html]
[www.lab.westilian.com/bingo-admin/405.html]
[www.lab.westilian.com/bingo-admin/500.html]
[www.lab.westilian.com/bingo-admin/503.html]
[www.lab.westilian.com/bingo-admin/invoice.html]
[www.lab.westilian.com/bingo-admin/email-templates/email-header.jpg]
[www.lab.westilian.com/bingo-admin/email-templates/forgot-pass-email-template.html]
[www.lab.westilian.com/bingo-admin/email-templates/registration-confirmation-email-template.html]
[www.lab.westilian.com/bingo-admin/505.html]
[www.lab.westilian.com/bingo-admin/images/indicator.html]
[www.lab.westilian.com/bingo-admin/css/jquery.selectBox-arrow.html]
[www.lab.westilian.com/bingo-admin/images/loader.html]
[www.lab.westilian.com/bingo-admin/ui-elementsd41d.html]
[www.lab.westilian.com/bingo-admin/data/data/homer.12a.delayed]
[www.lab.westilian.com/bingo-admin/data/ajax.html]
[www.lab.westilian.com/bingo-admin/data/flash.html]
[www.lab.westilian.com/bingo-admin/data/ajax-stepy.html]
[www.lab.westilian.com/bingo-admin/data/data/homer.html]
